2025-01-26T17:19:15.925+01:00  INFO 23937 --- [restartedMain] com.fhdo.UserServiceApplication          : Starting UserServiceApplication using Java 18.0.1.1 with PID 23937 (/Users/yasser/Downloads/fhdo-smart-parking/fhdo-user-service/target/classes started by yasser in /Users/yasser/Downloads/fhdo-smart-parking)
2025-01-26T17:19:15.927+01:00  INFO 23937 --- [restartedMain] com.fhdo.UserServiceApplication          : No active profile set, falling back to 1 default profile: "default"
2025-01-26T17:19:16.048+01:00  INFO 23937 --- [restartedMain] .e.DevToolsPropertyDefaultsPostProcessor : Devtools property defaults active! Set 'spring.devtools.add-properties' to 'false' to disable
2025-01-26T17:19:16.050+01:00  INFO 23937 --- [restartedMain] .e.DevToolsPropertyDefaultsPostProcessor : For additional web related logging consider setting the 'logging.level.web' property to 'DEBUG'
2025-01-26T17:19:16.871+01:00  INFO 23937 --- [restartedMain] .s.d.r.c.RepositoryConfigurationDelegate : Bootstrapping Spring Data JPA repositories in DEFAULT mode.
2025-01-26T17:19:16.944+01:00  INFO 23937 --- [restartedMain] .s.d.r.c.RepositoryConfigurationDelegate : Finished Spring Data repository scanning in 68 ms. Found 1 JPA repository interfaces.
2025-01-26T17:19:17.575+01:00  INFO 23937 --- [restartedMain] o.s.b.w.embedded.tomcat.TomcatWebServer  : Tomcat initialized with port(s): 8084 (http)
2025-01-26T17:19:17.581+01:00  INFO 23937 --- [restartedMain] o.apache.catalina.core.StandardService   : Starting service [Tomcat]
2025-01-26T17:19:17.582+01:00  INFO 23937 --- [restartedMain] o.apache.catalina.core.StandardEngine    : Starting Servlet engine: [Apache Tomcat/10.1.12]
2025-01-26T17:19:17.625+01:00  INFO 23937 --- [restartedMain] o.a.c.c.C.[Tomcat].[localhost].[/]       : Initializing Spring embedded WebApplicationContext
2025-01-26T17:19:17.625+01:00  INFO 23937 --- [restartedMain] w.s.c.ServletWebServerApplicationContext : Root WebApplicationContext: initialization completed in 1575 ms
2025-01-26T17:19:17.661+01:00  INFO 23937 --- [restartedMain] com.zaxxer.hikari.HikariDataSource       : HikariPool-1 - Starting...
2025-01-26T17:19:17.772+01:00  INFO 23937 --- [restartedMain] com.zaxxer.hikari.pool.HikariPool        : HikariPool-1 - Added connection conn0: url=jdbc:h2:mem:testdb user=SA
2025-01-26T17:19:17.773+01:00  INFO 23937 --- [restartedMain] com.zaxxer.hikari.HikariDataSource       : HikariPool-1 - Start completed.
2025-01-26T17:19:17.786+01:00  INFO 23937 --- [restartedMain] o.s.b.a.h2.H2ConsoleAutoConfiguration    : H2 console available at '/h2-console'. Database available at 'jdbc:h2:mem:testdb'
2025-01-26T17:19:17.965+01:00  INFO 23937 --- [restartedMain] o.hibernate.jpa.internal.util.LogHelper  : HHH000204: Processing PersistenceUnitInfo [name: default]
2025-01-26T17:19:17.998+01:00  INFO 23937 --- [restartedMain] org.hibernate.Version                    : HHH000412: Hibernate ORM core version 6.2.7.Final
2025-01-26T17:19:18.000+01:00  INFO 23937 --- [restartedMain] org.hibernate.cfg.Environment            : HHH000406: Using bytecode reflection optimizer
2025-01-26T17:19:18.078+01:00  INFO 23937 --- [restartedMain] o.h.b.i.BytecodeProviderInitiator        : HHH000021: Bytecode provider name : bytebuddy
2025-01-26T17:19:18.166+01:00  INFO 23937 --- [restartedMain] o.s.o.j.p.SpringPersistenceUnitInfo      : No LoadTimeWeaver setup: ignoring JPA class transformer
2025-01-26T17:19:18.309+01:00  INFO 23937 --- [restartedMain] o.h.b.i.BytecodeProviderInitiator        : HHH000021: Bytecode provider name : bytebuddy
2025-01-26T17:19:18.704+01:00  INFO 23937 --- [restartedMain] o.h.e.t.j.p.i.JtaPlatformInitiator       : HHH000490: Using JtaPlatform implementation: [org.hibernate.engine.transaction.jta.platform.internal.NoJtaPlatform]
2025-01-26T17:19:18.747+01:00  INFO 23937 --- [restartedMain] j.LocalContainerEntityManagerFactoryBean : Initialized JPA EntityManagerFactory for persistence unit 'default'
2025-01-26T17:19:18.953+01:00  WARN 23937 --- [restartedMain] ocalVariableTableParameterNameDiscoverer : Using deprecated '-debug' fallback for parameter name resolution. Compile the affected code with '-parameters' instead or avoid its introspection: com.fhdo.repository.UserRepository
2025-01-26T17:19:19.118+01:00  WARN 23937 --- [restartedMain] JpaBaseConfiguration$JpaWebConfiguration : spring.jpa.open-in-view is enabled by default. Therefore, database queries may be performed during view rendering. Explicitly configure spring.jpa.open-in-view to disable this warning
2025-01-26T17:19:19.466+01:00  WARN 23937 --- [restartedMain] .s.s.UserDetailsServiceAutoConfiguration : 

Using generated security password: 20b43f4b-756b-47e0-8131-81705c1f18cd

This generated password is for development use only. Your security configuration must be updated before running your application in production.

2025-01-26T17:19:19.552+01:00  INFO 23937 --- [restartedMain] o.s.s.web.DefaultSecurityFilterChain     : Will secure any request with [org.springframework.security.web.session.DisableEncodeUrlFilter@6ff5ee8a, org.springframework.security.web.context.request.async.WebAsyncManagerIntegrationFilter@6bf0c392, org.springframework.security.web.context.SecurityContextHolderFilter@7cb0e96c, org.springframework.security.web.header.HeaderWriterFilter@5cbb2875, org.springframework.security.web.csrf.CsrfFilter@14986ffa, org.springframework.security.web.authentication.logout.LogoutFilter@20c78486, org.springframework.security.web.authentication.UsernamePasswordAuthenticationFilter@6a49ca28, org.springframework.security.web.authentication.ui.DefaultLoginPageGeneratingFilter@7a43f25c, org.springframework.security.web.authentication.ui.DefaultLogoutPageGeneratingFilter@1a32c125, org.springframework.security.web.authentication.www.BasicAuthenticationFilter@7ccf19c7, org.springframework.security.web.savedrequest.RequestCacheAwareFilter@7df08bc3, org.springframework.security.web.servletapi.SecurityContextHolderAwareRequestFilter@638a22ce, org.springframework.security.web.authentication.AnonymousAuthenticationFilter@6df35c42, org.springframework.security.web.access.ExceptionTranslationFilter@37af5b47, org.springframework.security.web.access.intercept.AuthorizationFilter@10d91396]
2025-01-26T17:19:19.619+01:00  INFO 23937 --- [restartedMain] o.s.b.d.a.OptionalLiveReloadServer       : LiveReload server is running on port 35729
2025-01-26T17:19:19.650+01:00  INFO 23937 --- [restartedMain] o.s.b.w.embedded.tomcat.TomcatWebServer  : Tomcat started on port(s): 8084 (http) with context path ''
2025-01-26T17:19:19.662+01:00  INFO 23937 --- [restartedMain] com.fhdo.UserServiceApplication          : Started UserServiceApplication in 4.245 seconds (process running for 4.939)
2025-01-26T17:19:41.754+01:00  INFO 23937 --- [http-nio-8084-exec-1] o.a.c.c.C.[Tomcat].[localhost].[/]       : Initializing Spring DispatcherServlet 'dispatcherServlet'
2025-01-26T17:19:41.755+01:00  INFO 23937 --- [http-nio-8084-exec-1] o.s.web.servlet.DispatcherServlet        : Initializing Servlet 'dispatcherServlet'
2025-01-26T17:19:41.760+01:00  INFO 23937 --- [http-nio-8084-exec-1] o.s.web.servlet.DispatcherServlet        : Completed initialization in 5 ms
2025-01-26T17:32:39.929+01:00  INFO 23937 --- [SpringApplicationShutdownHook] j.LocalContainerEntityManagerFactoryBean : Closing JPA EntityManagerFactory for persistence unit 'default'
2025-01-26T17:32:39.957+01:00  WARN 23937 --- [SpringApplicationShutdownHook] o.s.b.f.support.DisposableBeanAdapter    : Invocation of destroy method failed on bean with name 'inMemoryDatabaseShutdownExecutor': org.h2.jdbc.JdbcSQLNonTransientConnectionException: Database is already closed (to disable automatic closing at VM shutdown, add ";DB_CLOSE_ON_EXIT=FALSE" to the db URL) [90121-224]
2025-01-26T17:32:39.958+01:00  INFO 23937 --- [SpringApplicationShutdownHook] com.zaxxer.hikari.HikariDataSource       : HikariPool-1 - Shutdown initiated...
2025-01-26T17:32:39.962+01:00  INFO 23937 --- [SpringApplicationShutdownHook] com.zaxxer.hikari.HikariDataSource       : HikariPool-1 - Shutdown completed.
2025-01-26T17:32:43.009+01:00  INFO 24463 --- [restartedMain] com.fhdo.UserServiceApplication          : Starting UserServiceApplication using Java 18.0.1.1 with PID 24463 (/Users/yasser/Downloads/fhdo-smart-parking/fhdo-user-service/target/classes started by yasser in /Users/yasser/Downloads/fhdo-smart-parking)
2025-01-26T17:32:43.014+01:00  INFO 24463 --- [restartedMain] com.fhdo.UserServiceApplication          : No active profile set, falling back to 1 default profile: "default"
2025-01-26T17:32:43.110+01:00  INFO 24463 --- [restartedMain] .e.DevToolsPropertyDefaultsPostProcessor : Devtools property defaults active! Set 'spring.devtools.add-properties' to 'false' to disable
2025-01-26T17:32:43.110+01:00  INFO 24463 --- [restartedMain] .e.DevToolsPropertyDefaultsPostProcessor : For additional web related logging consider setting the 'logging.level.web' property to 'DEBUG'
2025-01-26T17:32:44.013+01:00  INFO 24463 --- [restartedMain] .s.d.r.c.RepositoryConfigurationDelegate : Bootstrapping Spring Data JPA repositories in DEFAULT mode.
2025-01-26T17:32:44.066+01:00  INFO 24463 --- [restartedMain] .s.d.r.c.RepositoryConfigurationDelegate : Finished Spring Data repository scanning in 47 ms. Found 1 JPA repository interfaces.
2025-01-26T17:32:44.790+01:00  INFO 24463 --- [restartedMain] o.s.b.w.embedded.tomcat.TomcatWebServer  : Tomcat initialized with port(s): 8084 (http)
2025-01-26T17:32:44.799+01:00  INFO 24463 --- [restartedMain] o.apache.catalina.core.StandardService   : Starting service [Tomcat]
2025-01-26T17:32:44.799+01:00  INFO 24463 --- [restartedMain] o.apache.catalina.core.StandardEngine    : Starting Servlet engine: [Apache Tomcat/10.1.12]
2025-01-26T17:32:44.843+01:00  INFO 24463 --- [restartedMain] o.a.c.c.C.[Tomcat].[localhost].[/]       : Initializing Spring embedded WebApplicationContext
2025-01-26T17:32:44.843+01:00  INFO 24463 --- [restartedMain] w.s.c.ServletWebServerApplicationContext : Root WebApplicationContext: initialization completed in 1733 ms
2025-01-26T17:32:44.878+01:00  INFO 24463 --- [restartedMain] com.zaxxer.hikari.HikariDataSource       : HikariPool-1 - Starting...
2025-01-26T17:32:45.005+01:00  INFO 24463 --- [restartedMain] com.zaxxer.hikari.pool.HikariPool        : HikariPool-1 - Added connection conn0: url=jdbc:h2:mem:testdb user=SA
2025-01-26T17:32:45.007+01:00  INFO 24463 --- [restartedMain] com.zaxxer.hikari.HikariDataSource       : HikariPool-1 - Start completed.
2025-01-26T17:32:45.022+01:00  INFO 24463 --- [restartedMain] o.s.b.a.h2.H2ConsoleAutoConfiguration    : H2 console available at '/h2-console'. Database available at 'jdbc:h2:mem:testdb'
2025-01-26T17:32:45.221+01:00  INFO 24463 --- [restartedMain] o.hibernate.jpa.internal.util.LogHelper  : HHH000204: Processing PersistenceUnitInfo [name: default]
2025-01-26T17:32:45.262+01:00  INFO 24463 --- [restartedMain] org.hibernate.Version                    : HHH000412: Hibernate ORM core version 6.2.7.Final
2025-01-26T17:32:45.265+01:00  INFO 24463 --- [restartedMain] org.hibernate.cfg.Environment            : HHH000406: Using bytecode reflection optimizer
2025-01-26T17:32:45.355+01:00  INFO 24463 --- [restartedMain] o.h.b.i.BytecodeProviderInitiator        : HHH000021: Bytecode provider name : bytebuddy
2025-01-26T17:32:45.465+01:00  INFO 24463 --- [restartedMain] o.s.o.j.p.SpringPersistenceUnitInfo      : No LoadTimeWeaver setup: ignoring JPA class transformer
2025-01-26T17:32:45.622+01:00  INFO 24463 --- [restartedMain] o.h.b.i.BytecodeProviderInitiator        : HHH000021: Bytecode provider name : bytebuddy
2025-01-26T17:32:46.107+01:00  INFO 24463 --- [restartedMain] o.h.e.t.j.p.i.JtaPlatformInitiator       : HHH000490: Using JtaPlatform implementation: [org.hibernate.engine.transaction.jta.platform.internal.NoJtaPlatform]
2025-01-26T17:32:46.157+01:00  INFO 24463 --- [restartedMain] j.LocalContainerEntityManagerFactoryBean : Initialized JPA EntityManagerFactory for persistence unit 'default'
2025-01-26T17:32:46.391+01:00  WARN 24463 --- [restartedMain] ocalVariableTableParameterNameDiscoverer : Using deprecated '-debug' fallback for parameter name resolution. Compile the affected code with '-parameters' instead or avoid its introspection: com.fhdo.repository.UserRepository
2025-01-26T17:32:46.510+01:00  WARN 24463 --- [restartedMain] JpaBaseConfiguration$JpaWebConfiguration : spring.jpa.open-in-view is enabled by default. Therefore, database queries may be performed during view rendering. Explicitly configure spring.jpa.open-in-view to disable this warning
2025-01-26T17:32:46.892+01:00  WARN 24463 --- [restartedMain] .s.s.UserDetailsServiceAutoConfiguration : 

Using generated security password: 75423b96-3724-4dd6-87a0-f8a059b74c7c

This generated password is for development use only. Your security configuration must be updated before running your application in production.

2025-01-26T17:32:47.002+01:00  INFO 24463 --- [restartedMain] o.s.s.web.DefaultSecurityFilterChain     : Will secure any request with [org.springframework.security.web.session.DisableEncodeUrlFilter@8276c42, org.springframework.security.web.context.request.async.WebAsyncManagerIntegrationFilter@794d8380, org.springframework.security.web.context.SecurityContextHolderFilter@529bb13d, org.springframework.security.web.header.HeaderWriterFilter@28780cee, org.springframework.security.web.csrf.CsrfFilter@4a0de8cf, org.springframework.security.web.authentication.logout.LogoutFilter@5aada8ef, org.springframework.security.web.authentication.UsernamePasswordAuthenticationFilter@35d160a0, org.springframework.security.web.authentication.ui.DefaultLoginPageGeneratingFilter@7deeb1db, org.springframework.security.web.authentication.ui.DefaultLogoutPageGeneratingFilter@84335bb, org.springframework.security.web.authentication.www.BasicAuthenticationFilter@42767da3, org.springframework.security.web.savedrequest.RequestCacheAwareFilter@55143f87, org.springframework.security.web.servletapi.SecurityContextHolderAwareRequestFilter@7e609350, org.springframework.security.web.authentication.AnonymousAuthenticationFilter@4f2bc46, org.springframework.security.web.access.ExceptionTranslationFilter@1b9755c7, org.springframework.security.web.access.intercept.AuthorizationFilter@5b6aeac8]
2025-01-26T17:32:47.069+01:00  INFO 24463 --- [restartedMain] o.s.b.d.a.OptionalLiveReloadServer       : LiveReload server is running on port 35729
2025-01-26T17:32:47.098+01:00  INFO 24463 --- [restartedMain] o.s.b.w.embedded.tomcat.TomcatWebServer  : Tomcat started on port(s): 8084 (http) with context path ''
2025-01-26T17:32:47.114+01:00  INFO 24463 --- [restartedMain] com.fhdo.UserServiceApplication          : Started UserServiceApplication in 4.709 seconds (process running for 5.763)
2025-01-26T17:33:11.493+01:00  INFO 24463 --- [http-nio-8084-exec-1] o.a.c.c.C.[Tomcat].[localhost].[/]       : Initializing Spring DispatcherServlet 'dispatcherServlet'
2025-01-26T17:33:11.494+01:00  INFO 24463 --- [http-nio-8084-exec-1] o.s.web.servlet.DispatcherServlet        : Initializing Servlet 'dispatcherServlet'
2025-01-26T17:33:11.502+01:00  INFO 24463 --- [http-nio-8084-exec-1] o.s.web.servlet.DispatcherServlet        : Completed initialization in 7 ms
2025-01-26T17:48:16.011+01:00  INFO 24463 --- [SpringApplicationShutdownHook] j.LocalContainerEntityManagerFactoryBean : Closing JPA EntityManagerFactory for persistence unit 'default'
2025-01-26T17:48:16.069+01:00  WARN 24463 --- [SpringApplicationShutdownHook] o.s.b.f.support.DisposableBeanAdapter    : Invocation of destroy method failed on bean with name 'inMemoryDatabaseShutdownExecutor': org.h2.jdbc.JdbcSQLNonTransientConnectionException: Database is already closed (to disable automatic closing at VM shutdown, add ";DB_CLOSE_ON_EXIT=FALSE" to the db URL) [90121-224]
2025-01-26T17:48:16.070+01:00  INFO 24463 --- [SpringApplicationShutdownHook] com.zaxxer.hikari.HikariDataSource       : HikariPool-1 - Shutdown initiated...
2025-01-26T17:48:16.073+01:00  INFO 24463 --- [SpringApplicationShutdownHook] com.zaxxer.hikari.HikariDataSource       : HikariPool-1 - Shutdown completed.
